// Jest Snapshot v1, https://goo.gl/fbAQLP

exports[`cdkPipeline Stack 1`] = `
Object {
  "Parameters": Object {
    "parameter": Object {
      "NoEcho": true,
      "Type": "String",
    },
  },
  "Resources": Object {
    "MultiWebsitesCodePipelineArtifactsBucket9F410EA9": Object {
      "DeletionPolicy": "Retain",
      "Properties": Object {
        "BucketEncryption": Object {
          "ServerSideEncryptionConfiguration": Array [
            Object {
              "ServerSideEncryptionByDefault": Object {
                "SSEAlgorithm": "aws:kms",
              },
            },
          ],
        },
        "PublicAccessBlockConfiguration": Object {
          "BlockPublicAcls": true,
          "BlockPublicPolicy": true,
          "IgnorePublicAcls": true,
          "RestrictPublicBuckets": true,
        },
      },
      "Type": "AWS::S3::Bucket",
      "UpdateReplacePolicy": "Retain",
    },
    "MultiWebsitesCodePipelineArtifactsBucketPolicy6B14B63C": Object {
      "Properties": Object {
        "Bucket": Object {
          "Ref": "MultiWebsitesCodePipelineArtifactsBucket9F410EA9",
        },
        "PolicyDocument": Object {
          "Statement": Array [
            Object {
              "Action": Array [
                "s3:GetObject*",
                "s3:GetBucket*",
                "s3:List*",
              ],
              "Effect": "Allow",
              "Principal": Object {
                "AWS": Object {
                  "Fn::Join": Array [
                    "",
                    Array [
                      "arn:",
                      Object {
                        "Ref": "AWS::Partition",
                      },
                      ":iam::585191031104:role/cdk-hnb659fds-deploy-role-585191031104-eu-west-1",
                    ],
                  ],
                },
              },
              "Resource": Array [
                Object {
                  "Fn::GetAtt": Array [
                    "MultiWebsitesCodePipelineArtifactsBucket9F410EA9",
                    "Arn",
                  ],
                },
                Object {
                  "Fn::Join": Array [
                    "",
                    Array [
                      Object {
                        "Fn::GetAtt": Array [
                          "MultiWebsitesCodePipelineArtifactsBucket9F410EA9",
                          "Arn",
                        ],
                      },
                      "/*",
                    ],
                  ],
                },
              ],
            },
          ],
          "Version": "2012-10-17",
        },
      },
      "Type": "AWS::S3::BucketPolicy",
    },
    "MultiWebsitesCodePipelineAssetsFileAsset1D2767096": Object {
      "Properties": Object {
        "Artifacts": Object {
          "Type": "CODEPIPELINE",
        },
        "EncryptionKey": "alias/aws/s3",
        "Environment": Object {
          "ComputeType": "BUILD_GENERAL1_SMALL",
          "Image": "aws/codebuild/standard:5.0",
          "ImagePullCredentialsType": "CODEBUILD",
          "PrivilegedMode": false,
          "Type": "LINUX_CONTAINER",
        },
        "ServiceRole": Object {
          "Fn::GetAtt": Array [
            "MultiWebsitesCodePipelineAssetsFileRole76D939FF",
            "Arn",
          ],
        },
        "Source": Object {
          "BuildSpec": "{
  \\"version\\": \\"0.2\\",
  \\"phases\\": {
    \\"install\\": {
      \\"commands\\": [
        \\"npm install -g cdk-assets\\"
      ]
    },
    \\"build\\": {
      \\"commands\\": [
        \\"cdk-assets --path \\\\\\"assembly-MyTestStack-portfolio-website-stage/portfolio-website-deployment-stack.assets.json\\\\\\" --verbose publish \\\\\\"e9882ab123687399f934da0d45effe675ecc8ce13b40cb946f3e1d6141fe8d68:585191031104-eu-west-1\\\\\\"\\"
      ]
    }
  }
}",
          "Type": "CODEPIPELINE",
        },
      },
      "Type": "AWS::CodeBuild::Project",
    },
    "MultiWebsitesCodePipelineAssetsFileAsset24D7F9B49": Object {
      "Properties": Object {
        "Artifacts": Object {
          "Type": "CODEPIPELINE",
        },
        "EncryptionKey": "alias/aws/s3",
        "Environment": Object {
          "ComputeType": "BUILD_GENERAL1_SMALL",
          "Image": "aws/codebuild/standard:5.0",
          "ImagePullCredentialsType": "CODEBUILD",
          "PrivilegedMode": false,
          "Type": "LINUX_CONTAINER",
        },
        "ServiceRole": Object {
          "Fn::GetAtt": Array [
            "MultiWebsitesCodePipelineAssetsFileRole76D939FF",
            "Arn",
          ],
        },
        "Source": Object {
          "BuildSpec": "{
  \\"version\\": \\"0.2\\",
  \\"phases\\": {
    \\"install\\": {
      \\"commands\\": [
        \\"npm install -g cdk-assets\\"
      ]
    },
    \\"build\\": {
      \\"commands\\": [
        \\"cdk-assets --path \\\\\\"assembly-MyTestStack-portfolio-website-stage/portfolio-website-deployment-stack.assets.json\\\\\\" --verbose publish \\\\\\"a3058ccb468d757ebb89df5363a1c20f5307c6911136f29d00e1a68c9b2aa7e8:585191031104-eu-west-1\\\\\\"\\"
      ]
    }
  }
}",
          "Type": "CODEPIPELINE",
        },
      },
      "Type": "AWS::CodeBuild::Project",
    },
    "MultiWebsitesCodePipelineAssetsFileAsset3C3C15A0D": Object {
      "Properties": Object {
        "Artifacts": Object {
          "Type": "CODEPIPELINE",
        },
        "EncryptionKey": "alias/aws/s3",
        "Environment": Object {
          "ComputeType": "BUILD_GENERAL1_SMALL",
          "Image": "aws/codebuild/standard:5.0",
          "ImagePullCredentialsType": "CODEBUILD",
          "PrivilegedMode": false,
          "Type": "LINUX_CONTAINER",
        },
        "ServiceRole": Object {
          "Fn::GetAtt": Array [
            "MultiWebsitesCodePipelineAssetsFileRole76D939FF",
            "Arn",
          ],
        },
        "Source": Object {
          "BuildSpec": "{
  \\"version\\": \\"0.2\\",
  \\"phases\\": {
    \\"install\\": {
      \\"commands\\": [
        \\"npm install -g cdk-assets\\"
      ]
    },
    \\"build\\": {
      \\"commands\\": [
        \\"cdk-assets --path \\\\\\"assembly-MyTestStack-portfolio-website-stage/portfolio-website-deployment-stack.assets.json\\\\\\" --verbose publish \\\\\\"7d8b2046844e3098556f7c7f109cae7aa0293b522d526cfd2fa6f8bc03e22635:585191031104-eu-west-1\\\\\\"\\"
      ]
    }
  }
}",
          "Type": "CODEPIPELINE",
        },
      },
      "Type": "AWS::CodeBuild::Project",
    },
    "MultiWebsitesCodePipelineAssetsFileRole76D939FF": Object {
      "Properties": Object {
        "AssumeRolePolicyDocument": Object {
          "Statement": Array [
            Object {
              "Action": "sts:AssumeRole",
              "Effect": "Allow",
              "Principal": Object {
                "AWS": Object {
                  "Fn::Join": Array [
                    "",
                    Array [
                      "arn:",
                      Object {
                        "Ref": "AWS::Partition",
                      },
                      ":iam::585191031104:root",
                    ],
                  ],
                },
                "Service": "codebuild.amazonaws.com",
              },
            },
          ],
          "Version": "2012-10-17",
        },
      },
      "Type": "AWS::IAM::Role",
    },
    "MultiWebsitesCodePipelineAssetsFileRoleDefaultPolicy54CA10CC": Object {
      "Properties": Object {
        "PolicyDocument": Object {
          "Statement": Array [
            Object {
              "Action": Array [
                "logs:CreateLogGroup",
                "logs:CreateLogStream",
                "logs:PutLogEvents",
              ],
              "Effect": "Allow",
              "Resource": Object {
                "Fn::Join": Array [
                  "",
                  Array [
                    "arn:",
                    Object {
                      "Ref": "AWS::Partition",
                    },
                    ":logs:eu-west-1:585191031104:log-group:/aws/codebuild/*",
                  ],
                ],
              },
            },
            Object {
              "Action": Array [
                "codebuild:CreateReportGroup",
                "codebuild:CreateReport",
                "codebuild:UpdateReport",
                "codebuild:BatchPutTestCases",
                "codebuild:BatchPutCodeCoverages",
              ],
              "Effect": "Allow",
              "Resource": Object {
                "Fn::Join": Array [
                  "",
                  Array [
                    "arn:",
                    Object {
                      "Ref": "AWS::Partition",
                    },
                    ":codebuild:eu-west-1:585191031104:report-group/*",
                  ],
                ],
              },
            },
            Object {
              "Action": Array [
                "codebuild:BatchGetBuilds",
                "codebuild:StartBuild",
                "codebuild:StopBuild",
              ],
              "Effect": "Allow",
              "Resource": "*",
            },
            Object {
              "Action": "sts:AssumeRole",
              "Effect": "Allow",
              "Resource": Array [
                Object {
                  "Fn::Sub": "arn:\${AWS::Partition}:iam::585191031104:role/cdk-hnb659fds-file-publishing-role-585191031104-eu-west-1",
                },
              ],
            },
            Object {
              "Action": Array [
                "s3:GetObject*",
                "s3:GetBucket*",
                "s3:List*",
              ],
              "Effect": "Allow",
              "Resource": Array [
                Object {
                  "Fn::GetAtt": Array [
                    "MultiWebsitesCodePipelineArtifactsBucket9F410EA9",
                    "Arn",
                  ],
                },
                Object {
                  "Fn::Join": Array [
                    "",
                    Array [
                      Object {
                        "Fn::GetAtt": Array [
                          "MultiWebsitesCodePipelineArtifactsBucket9F410EA9",
                          "Arn",
                        ],
                      },
                      "/*",
                    ],
                  ],
                },
              ],
            },
          ],
          "Version": "2012-10-17",
        },
        "PolicyName": "MultiWebsitesCodePipelineAssetsFileRoleDefaultPolicy54CA10CC",
        "Roles": Array [
          Object {
            "Ref": "MultiWebsitesCodePipelineAssetsFileRole76D939FF",
          },
        ],
      },
      "Type": "AWS::IAM::Policy",
    },
    "MultiWebsitesCodePipelineBuildSynthCdkBuildProject1CF53BE0": Object {
      "Properties": Object {
        "Artifacts": Object {
          "Type": "CODEPIPELINE",
        },
        "EncryptionKey": "alias/aws/s3",
        "Environment": Object {
          "ComputeType": "BUILD_GENERAL1_SMALL",
          "Image": "aws/codebuild/standard:5.0",
          "ImagePullCredentialsType": "CODEBUILD",
          "PrivilegedMode": false,
          "Type": "LINUX_CONTAINER",
        },
        "Name": "multi-websites-synth-project",
        "ServiceRole": Object {
          "Fn::GetAtt": Array [
            "MultiWebsitesCodePipelineBuildSynthCdkBuildProjectRoleAB3ADBDB",
            "Arn",
          ],
        },
        "Source": Object {
          "BuildSpec": "{
  \\"version\\": \\"0.2\\",
  \\"phases\\": {
    \\"pre_build\\": {
      \\"commands\\": [
        \\"yarn install\\"
      ]
    },
    \\"build\\": {
      \\"commands\\": [
        \\"yarn build\\",
        \\"yarn test\\",
        \\"yarn cdk synth\\"
      ]
    }
  },
  \\"artifacts\\": {
    \\"base-directory\\": \\"cdk.out\\",
    \\"files\\": \\"**/*\\"
  }
}",
          "Type": "CODEPIPELINE",
        },
      },
      "Type": "AWS::CodeBuild::Project",
    },
    "MultiWebsitesCodePipelineBuildSynthCdkBuildProjectRoleAB3ADBDB": Object {
      "Properties": Object {
        "AssumeRolePolicyDocument": Object {
          "Statement": Array [
            Object {
              "Action": "sts:AssumeRole",
              "Effect": "Allow",
              "Principal": Object {
                "Service": "codebuild.amazonaws.com",
              },
            },
          ],
          "Version": "2012-10-17",
        },
      },
      "Type": "AWS::IAM::Role",
    },
    "MultiWebsitesCodePipelineBuildSynthCdkBuildProjectRoleDefaultPolicy72138BE3": Object {
      "Properties": Object {
        "PolicyDocument": Object {
          "Statement": Array [
            Object {
              "Action": Array [
                "logs:CreateLogGroup",
                "logs:CreateLogStream",
                "logs:PutLogEvents",
              ],
              "Effect": "Allow",
              "Resource": Array [
                Object {
                  "Fn::Join": Array [
                    "",
                    Array [
                      "arn:",
                      Object {
                        "Ref": "AWS::Partition",
                      },
                      ":logs:eu-west-1:585191031104:log-group:/aws/codebuild/",
                      Object {
                        "Ref": "MultiWebsitesCodePipelineBuildSynthCdkBuildProject1CF53BE0",
                      },
                    ],
                  ],
                },
                Object {
                  "Fn::Join": Array [
                    "",
                    Array [
                      "arn:",
                      Object {
                        "Ref": "AWS::Partition",
                      },
                      ":logs:eu-west-1:585191031104:log-group:/aws/codebuild/",
                      Object {
                        "Ref": "MultiWebsitesCodePipelineBuildSynthCdkBuildProject1CF53BE0",
                      },
                      ":*",
                    ],
                  ],
                },
              ],
            },
            Object {
              "Action": Array [
                "codebuild:CreateReportGroup",
                "codebuild:CreateReport",
                "codebuild:UpdateReport",
                "codebuild:BatchPutTestCases",
                "codebuild:BatchPutCodeCoverages",
              ],
              "Effect": "Allow",
              "Resource": Object {
                "Fn::Join": Array [
                  "",
                  Array [
                    "arn:",
                    Object {
                      "Ref": "AWS::Partition",
                    },
                    ":codebuild:eu-west-1:585191031104:report-group/",
                    Object {
                      "Ref": "MultiWebsitesCodePipelineBuildSynthCdkBuildProject1CF53BE0",
                    },
                    "-*",
                  ],
                ],
              },
            },
            Object {
              "Action": "ec2:Describe*",
              "Effect": "Allow",
              "Resource": "*",
            },
            Object {
              "Action": Array [
                "s3:GetObject*",
                "s3:GetBucket*",
                "s3:List*",
                "s3:DeleteObject*",
                "s3:PutObject*",
                "s3:Abort*",
              ],
              "Effect": "Allow",
              "Resource": Array [
                Object {
                  "Fn::GetAtt": Array [
                    "MultiWebsitesCodePipelineArtifactsBucket9F410EA9",
                    "Arn",
                  ],
                },
                Object {
                  "Fn::Join": Array [
                    "",
                    Array [
                      Object {
                        "Fn::GetAtt": Array [
                          "MultiWebsitesCodePipelineArtifactsBucket9F410EA9",
                          "Arn",
                        ],
                      },
                      "/*",
                    ],
                  ],
                },
              ],
            },
          ],
          "Version": "2012-10-17",
        },
        "PolicyName": "MultiWebsitesCodePipelineBuildSynthCdkBuildProjectRoleDefaultPolicy72138BE3",
        "Roles": Array [
          Object {
            "Ref": "MultiWebsitesCodePipelineBuildSynthCdkBuildProjectRoleAB3ADBDB",
          },
        ],
      },
      "Type": "AWS::IAM::Policy",
    },
    "MultiWebsitesCodePipelineBuildSynthCodePipelineActionRole39A83036": Object {
      "Properties": Object {
        "AssumeRolePolicyDocument": Object {
          "Statement": Array [
            Object {
              "Action": "sts:AssumeRole",
              "Effect": "Allow",
              "Principal": Object {
                "AWS": Object {
                  "Fn::Join": Array [
                    "",
                    Array [
                      "arn:",
                      Object {
                        "Ref": "AWS::Partition",
                      },
                      ":iam::585191031104:root",
                    ],
                  ],
                },
              },
            },
          ],
          "Version": "2012-10-17",
        },
      },
      "Type": "AWS::IAM::Role",
    },
    "MultiWebsitesCodePipelineBuildSynthCodePipelineActionRoleDefaultPolicy9677417C": Object {
      "Properties": Object {
        "PolicyDocument": Object {
          "Statement": Array [
            Object {
              "Action": Array [
                "codebuild:BatchGetBuilds",
                "codebuild:StartBuild",
                "codebuild:StopBuild",
              ],
              "Effect": "Allow",
              "Resource": Object {
                "Fn::GetAtt": Array [
                  "MultiWebsitesCodePipelineBuildSynthCdkBuildProject1CF53BE0",
                  "Arn",
                ],
              },
            },
          ],
          "Version": "2012-10-17",
        },
        "PolicyName": "MultiWebsitesCodePipelineBuildSynthCodePipelineActionRoleDefaultPolicy9677417C",
        "Roles": Array [
          Object {
            "Ref": "MultiWebsitesCodePipelineBuildSynthCodePipelineActionRole39A83036",
          },
        ],
      },
      "Type": "AWS::IAM::Policy",
    },
    "MultiWebsitesCodePipelineC8547DFE": Object {
      "DependsOn": Array [
        "MultiWebsitesCodePipelineRoleDefaultPolicyC94DD5D8",
        "MultiWebsitesCodePipelineRole569C5DE6",
      ],
      "Properties": Object {
        "ArtifactStore": Object {
          "Location": Object {
            "Ref": "MultiWebsitesCodePipelineArtifactsBucket9F410EA9",
          },
          "Type": "S3",
        },
        "Name": "multi-website-cdkpipeline",
        "RestartExecutionOnUpdate": true,
        "RoleArn": Object {
          "Fn::GetAtt": Array [
            "MultiWebsitesCodePipelineRole569C5DE6",
            "Arn",
          ],
        },
        "Stages": Array [
          Object {
            "Actions": Array [
              Object {
                "ActionTypeId": Object {
                  "Category": "Source",
                  "Owner": "ThirdParty",
                  "Provider": "GitHub",
                  "Version": "1",
                },
                "Configuration": Object {
                  "Branch": "main",
                  "OAuthToken": Object {
                    "Ref": "parameter",
                  },
                  "Owner": "luchees",
                  "PollForSourceChanges": false,
                  "Repo": "cdk-pipeline-s3-website",
                },
                "Name": "source-github-action",
                "OutputArtifacts": Array [
                  Object {
                    "Name": "Artifact_Source_source-github-action",
                  },
                ],
                "RunOrder": 1,
              },
            ],
            "Name": "Source",
          },
          Object {
            "Actions": Array [
              Object {
                "ActionTypeId": Object {
                  "Category": "Build",
                  "Owner": "AWS",
                  "Provider": "CodeBuild",
                  "Version": "1",
                },
                "Configuration": Object {
                  "EnvironmentVariables": "[{\\"name\\":\\"_PROJECT_CONFIG_HASH\\",\\"type\\":\\"PLAINTEXT\\",\\"value\\":\\"0dfb8de85d1365e6e8a580c68071593106ab3d0c8d5bae4f5b7e10448ba60f6d\\"}]",
                  "ProjectName": Object {
                    "Ref": "MultiWebsitesCodePipelineBuildSynthCdkBuildProject1CF53BE0",
                  },
                },
                "InputArtifacts": Array [
                  Object {
                    "Name": "Artifact_Source_source-github-action",
                  },
                ],
                "Name": "Synth",
                "OutputArtifacts": Array [
                  Object {
                    "Name": "Artifact_Build_Synth",
                  },
                ],
                "RoleArn": Object {
                  "Fn::GetAtt": Array [
                    "MultiWebsitesCodePipelineBuildSynthCodePipelineActionRole39A83036",
                    "Arn",
                  ],
                },
                "RunOrder": 1,
              },
            ],
            "Name": "Build",
          },
          Object {
            "Actions": Array [
              Object {
                "ActionTypeId": Object {
                  "Category": "Build",
                  "Owner": "AWS",
                  "Provider": "CodeBuild",
                  "Version": "1",
                },
                "Configuration": Object {
                  "ProjectName": Object {
                    "Ref": "MultiWebsitesCodePipelineUpdatePipelineSelfMutationEAA897A0",
                  },
                },
                "InputArtifacts": Array [
                  Object {
                    "Name": "Artifact_Build_Synth",
                  },
                ],
                "Name": "SelfMutate",
                "RoleArn": Object {
                  "Fn::GetAtt": Array [
                    "MultiWebsitesCodePipelineUpdatePipelineSelfMutateCodePipelineActionRole9A674979",
                    "Arn",
                  ],
                },
                "RunOrder": 1,
              },
            ],
            "Name": "UpdatePipeline",
          },
          Object {
            "Actions": Array [
              Object {
                "ActionTypeId": Object {
                  "Category": "Build",
                  "Owner": "AWS",
                  "Provider": "CodeBuild",
                  "Version": "1",
                },
                "Configuration": Object {
                  "ProjectName": Object {
                    "Ref": "MultiWebsitesCodePipelineAssetsFileAsset1D2767096",
                  },
                },
                "InputArtifacts": Array [
                  Object {
                    "Name": "Artifact_Build_Synth",
                  },
                ],
                "Name": "FileAsset1",
                "RoleArn": Object {
                  "Fn::GetAtt": Array [
                    "MultiWebsitesCodePipelineAssetsFileRole76D939FF",
                    "Arn",
                  ],
                },
                "RunOrder": 1,
              },
              Object {
                "ActionTypeId": Object {
                  "Category": "Build",
                  "Owner": "AWS",
                  "Provider": "CodeBuild",
                  "Version": "1",
                },
                "Configuration": Object {
                  "ProjectName": Object {
                    "Ref": "MultiWebsitesCodePipelineAssetsFileAsset24D7F9B49",
                  },
                },
                "InputArtifacts": Array [
                  Object {
                    "Name": "Artifact_Build_Synth",
                  },
                ],
                "Name": "FileAsset2",
                "RoleArn": Object {
                  "Fn::GetAtt": Array [
                    "MultiWebsitesCodePipelineAssetsFileRole76D939FF",
                    "Arn",
                  ],
                },
                "RunOrder": 1,
              },
              Object {
                "ActionTypeId": Object {
                  "Category": "Build",
                  "Owner": "AWS",
                  "Provider": "CodeBuild",
                  "Version": "1",
                },
                "Configuration": Object {
                  "ProjectName": Object {
                    "Ref": "MultiWebsitesCodePipelineAssetsFileAsset3C3C15A0D",
                  },
                },
                "InputArtifacts": Array [
                  Object {
                    "Name": "Artifact_Build_Synth",
                  },
                ],
                "Name": "FileAsset3",
                "RoleArn": Object {
                  "Fn::GetAtt": Array [
                    "MultiWebsitesCodePipelineAssetsFileRole76D939FF",
                    "Arn",
                  ],
                },
                "RunOrder": 1,
              },
            ],
            "Name": "Assets",
          },
          Object {
            "Actions": Array [
              Object {
                "ActionTypeId": Object {
                  "Category": "Deploy",
                  "Owner": "AWS",
                  "Provider": "CloudFormation",
                  "Version": "1",
                },
                "Configuration": Object {
                  "ActionMode": "CHANGE_SET_REPLACE",
                  "Capabilities": "CAPABILITY_NAMED_IAM,CAPABILITY_AUTO_EXPAND",
                  "ChangeSetName": "PipelineChange",
                  "RoleArn": Object {
                    "Fn::Join": Array [
                      "",
                      Array [
                        "arn:",
                        Object {
                          "Ref": "AWS::Partition",
                        },
                        ":iam::585191031104:role/cdk-hnb659fds-cfn-exec-role-585191031104-eu-west-1",
                      ],
                    ],
                  },
                  "StackName": "portfolio-website-deployment-stack",
                  "TemplatePath": "Artifact_Build_Synth::assembly-MyTestStack-portfolio-website-stage/portfolio-website-deployment-stack.template.json",
                },
                "InputArtifacts": Array [
                  Object {
                    "Name": "Artifact_Build_Synth",
                  },
                ],
                "Name": "portfolio-website-deployment-stack.Prepare",
                "RoleArn": Object {
                  "Fn::Join": Array [
                    "",
                    Array [
                      "arn:",
                      Object {
                        "Ref": "AWS::Partition",
                      },
                      ":iam::585191031104:role/cdk-hnb659fds-deploy-role-585191031104-eu-west-1",
                    ],
                  ],
                },
                "RunOrder": 1,
              },
              Object {
                "ActionTypeId": Object {
                  "Category": "Deploy",
                  "Owner": "AWS",
                  "Provider": "CloudFormation",
                  "Version": "1",
                },
                "Configuration": Object {
                  "ActionMode": "CHANGE_SET_EXECUTE",
                  "ChangeSetName": "PipelineChange",
                  "StackName": "portfolio-website-deployment-stack",
                },
                "Name": "portfolio-website-deployment-stack.Deploy",
                "RoleArn": Object {
                  "Fn::Join": Array [
                    "",
                    Array [
                      "arn:",
                      Object {
                        "Ref": "AWS::Partition",
                      },
                      ":iam::585191031104:role/cdk-hnb659fds-deploy-role-585191031104-eu-west-1",
                    ],
                  ],
                },
                "RunOrder": 2,
              },
            ],
            "Name": "portfolio-website-stage",
          },
        ],
      },
      "Type": "AWS::CodePipeline::Pipeline",
    },
    "MultiWebsitesCodePipelineRole569C5DE6": Object {
      "Properties": Object {
        "AssumeRolePolicyDocument": Object {
          "Statement": Array [
            Object {
              "Action": "sts:AssumeRole",
              "Effect": "Allow",
              "Principal": Object {
                "Service": "codepipeline.amazonaws.com",
              },
            },
          ],
          "Version": "2012-10-17",
        },
      },
      "Type": "AWS::IAM::Role",
    },
    "MultiWebsitesCodePipelineRoleDefaultPolicyC94DD5D8": Object {
      "Properties": Object {
        "PolicyDocument": Object {
          "Statement": Array [
            Object {
              "Action": Array [
                "s3:GetObject*",
                "s3:GetBucket*",
                "s3:List*",
                "s3:DeleteObject*",
                "s3:PutObject*",
                "s3:Abort*",
              ],
              "Effect": "Allow",
              "Resource": Array [
                Object {
                  "Fn::GetAtt": Array [
                    "MultiWebsitesCodePipelineArtifactsBucket9F410EA9",
                    "Arn",
                  ],
                },
                Object {
                  "Fn::Join": Array [
                    "",
                    Array [
                      Object {
                        "Fn::GetAtt": Array [
                          "MultiWebsitesCodePipelineArtifactsBucket9F410EA9",
                          "Arn",
                        ],
                      },
                      "/*",
                    ],
                  ],
                },
              ],
            },
            Object {
              "Action": "sts:AssumeRole",
              "Effect": "Allow",
              "Resource": Object {
                "Fn::GetAtt": Array [
                  "MultiWebsitesCodePipelineBuildSynthCodePipelineActionRole39A83036",
                  "Arn",
                ],
              },
            },
            Object {
              "Action": "sts:AssumeRole",
              "Effect": "Allow",
              "Resource": Object {
                "Fn::GetAtt": Array [
                  "MultiWebsitesCodePipelineUpdatePipelineSelfMutateCodePipelineActionRole9A674979",
                  "Arn",
                ],
              },
            },
            Object {
              "Action": "sts:AssumeRole",
              "Effect": "Allow",
              "Resource": Object {
                "Fn::GetAtt": Array [
                  "MultiWebsitesCodePipelineAssetsFileRole76D939FF",
                  "Arn",
                ],
              },
            },
            Object {
              "Action": "sts:AssumeRole",
              "Effect": "Allow",
              "Resource": Object {
                "Fn::Join": Array [
                  "",
                  Array [
                    "arn:",
                    Object {
                      "Ref": "AWS::Partition",
                    },
                    ":iam::585191031104:role/cdk-hnb659fds-deploy-role-585191031104-eu-west-1",
                  ],
                ],
              },
            },
          ],
          "Version": "2012-10-17",
        },
        "PolicyName": "MultiWebsitesCodePipelineRoleDefaultPolicyC94DD5D8",
        "Roles": Array [
          Object {
            "Ref": "MultiWebsitesCodePipelineRole569C5DE6",
          },
        ],
      },
      "Type": "AWS::IAM::Policy",
    },
    "MultiWebsitesCodePipelineSourcesourcegithubactionWebhookResource42EEC5A9": Object {
      "Properties": Object {
        "Authentication": "GITHUB_HMAC",
        "AuthenticationConfiguration": Object {
          "SecretToken": Object {
            "Ref": "parameter",
          },
        },
        "Filters": Array [
          Object {
            "JsonPath": "$.ref",
            "MatchEquals": "refs/heads/{Branch}",
          },
        ],
        "RegisterWithThirdParty": true,
        "TargetAction": "source-github-action",
        "TargetPipeline": Object {
          "Ref": "MultiWebsitesCodePipelineC8547DFE",
        },
        "TargetPipelineVersion": 1,
      },
      "Type": "AWS::CodePipeline::Webhook",
    },
    "MultiWebsitesCodePipelineUpdatePipelineSelfMutateCodePipelineActionRole9A674979": Object {
      "Properties": Object {
        "AssumeRolePolicyDocument": Object {
          "Statement": Array [
            Object {
              "Action": "sts:AssumeRole",
              "Effect": "Allow",
              "Principal": Object {
                "AWS": Object {
                  "Fn::Join": Array [
                    "",
                    Array [
                      "arn:",
                      Object {
                        "Ref": "AWS::Partition",
                      },
                      ":iam::585191031104:root",
                    ],
                  ],
                },
              },
            },
          ],
          "Version": "2012-10-17",
        },
      },
      "Type": "AWS::IAM::Role",
    },
    "MultiWebsitesCodePipelineUpdatePipelineSelfMutateCodePipelineActionRoleDefaultPolicyA984211A": Object {
      "Properties": Object {
        "PolicyDocument": Object {
          "Statement": Array [
            Object {
              "Action": Array [
                "codebuild:BatchGetBuilds",
                "codebuild:StartBuild",
                "codebuild:StopBuild",
              ],
              "Effect": "Allow",
              "Resource": Object {
                "Fn::GetAtt": Array [
                  "MultiWebsitesCodePipelineUpdatePipelineSelfMutationEAA897A0",
                  "Arn",
                ],
              },
            },
          ],
          "Version": "2012-10-17",
        },
        "PolicyName": "MultiWebsitesCodePipelineUpdatePipelineSelfMutateCodePipelineActionRoleDefaultPolicyA984211A",
        "Roles": Array [
          Object {
            "Ref": "MultiWebsitesCodePipelineUpdatePipelineSelfMutateCodePipelineActionRole9A674979",
          },
        ],
      },
      "Type": "AWS::IAM::Policy",
    },
    "MultiWebsitesCodePipelineUpdatePipelineSelfMutationEAA897A0": Object {
      "Properties": Object {
        "Artifacts": Object {
          "Type": "CODEPIPELINE",
        },
        "EncryptionKey": "alias/aws/s3",
        "Environment": Object {
          "ComputeType": "BUILD_GENERAL1_SMALL",
          "Image": "aws/codebuild/standard:5.0",
          "ImagePullCredentialsType": "CODEBUILD",
          "PrivilegedMode": false,
          "Type": "LINUX_CONTAINER",
        },
        "Name": "multi-website-cdkpipeline-selfupdate",
        "ServiceRole": Object {
          "Fn::GetAtt": Array [
            "MultiWebsitesCodePipelineUpdatePipelineSelfMutationRole5C4C4A1B",
            "Arn",
          ],
        },
        "Source": Object {
          "BuildSpec": "{
  \\"version\\": \\"0.2\\",
  \\"phases\\": {
    \\"install\\": {
      \\"commands\\": [
        \\"npm install -g aws-cdk\\"
      ]
    },
    \\"build\\": {
      \\"commands\\": [
        \\"cdk -a . deploy MyTestStack --require-approval=never --verbose\\"
      ]
    }
  }
}",
          "Type": "CODEPIPELINE",
        },
      },
      "Type": "AWS::CodeBuild::Project",
    },
    "MultiWebsitesCodePipelineUpdatePipelineSelfMutationRole5C4C4A1B": Object {
      "Properties": Object {
        "AssumeRolePolicyDocument": Object {
          "Statement": Array [
            Object {
              "Action": "sts:AssumeRole",
              "Effect": "Allow",
              "Principal": Object {
                "Service": "codebuild.amazonaws.com",
              },
            },
          ],
          "Version": "2012-10-17",
        },
      },
      "Type": "AWS::IAM::Role",
    },
    "MultiWebsitesCodePipelineUpdatePipelineSelfMutationRoleDefaultPolicy3AB3FF4B": Object {
      "Properties": Object {
        "PolicyDocument": Object {
          "Statement": Array [
            Object {
              "Action": Array [
                "logs:CreateLogGroup",
                "logs:CreateLogStream",
                "logs:PutLogEvents",
              ],
              "Effect": "Allow",
              "Resource": Array [
                Object {
                  "Fn::Join": Array [
                    "",
                    Array [
                      "arn:",
                      Object {
                        "Ref": "AWS::Partition",
                      },
                      ":logs:eu-west-1:585191031104:log-group:/aws/codebuild/",
                      Object {
                        "Ref": "MultiWebsitesCodePipelineUpdatePipelineSelfMutationEAA897A0",
                      },
                    ],
                  ],
                },
                Object {
                  "Fn::Join": Array [
                    "",
                    Array [
                      "arn:",
                      Object {
                        "Ref": "AWS::Partition",
                      },
                      ":logs:eu-west-1:585191031104:log-group:/aws/codebuild/",
                      Object {
                        "Ref": "MultiWebsitesCodePipelineUpdatePipelineSelfMutationEAA897A0",
                      },
                      ":*",
                    ],
                  ],
                },
              ],
            },
            Object {
              "Action": Array [
                "codebuild:CreateReportGroup",
                "codebuild:CreateReport",
                "codebuild:UpdateReport",
                "codebuild:BatchPutTestCases",
                "codebuild:BatchPutCodeCoverages",
              ],
              "Effect": "Allow",
              "Resource": Object {
                "Fn::Join": Array [
                  "",
                  Array [
                    "arn:",
                    Object {
                      "Ref": "AWS::Partition",
                    },
                    ":codebuild:eu-west-1:585191031104:report-group/",
                    Object {
                      "Ref": "MultiWebsitesCodePipelineUpdatePipelineSelfMutationEAA897A0",
                    },
                    "-*",
                  ],
                ],
              },
            },
            Object {
              "Action": "sts:AssumeRole",
              "Condition": Object {
                "ForAnyValue:StringEquals": Object {
                  "iam:ResourceTag/aws-cdk:bootstrap-role": Array [
                    "image-publishing",
                    "file-publishing",
                    "deploy",
                  ],
                },
              },
              "Effect": "Allow",
              "Resource": "arn:*:iam::585191031104:role/*",
            },
            Object {
              "Action": "cloudformation:DescribeStacks",
              "Effect": "Allow",
              "Resource": "*",
            },
            Object {
              "Action": "s3:ListBucket",
              "Effect": "Allow",
              "Resource": "*",
            },
            Object {
              "Action": Array [
                "s3:GetObject*",
                "s3:GetBucket*",
                "s3:List*",
              ],
              "Effect": "Allow",
              "Resource": Array [
                Object {
                  "Fn::GetAtt": Array [
                    "MultiWebsitesCodePipelineArtifactsBucket9F410EA9",
                    "Arn",
                  ],
                },
                Object {
                  "Fn::Join": Array [
                    "",
                    Array [
                      Object {
                        "Fn::GetAtt": Array [
                          "MultiWebsitesCodePipelineArtifactsBucket9F410EA9",
                          "Arn",
                        ],
                      },
                      "/*",
                    ],
                  ],
                },
              ],
            },
          ],
          "Version": "2012-10-17",
        },
        "PolicyName": "MultiWebsitesCodePipelineUpdatePipelineSelfMutationRoleDefaultPolicy3AB3FF4B",
        "Roles": Array [
          Object {
            "Ref": "MultiWebsitesCodePipelineUpdatePipelineSelfMutationRole5C4C4A1B",
          },
        ],
      },
      "Type": "AWS::IAM::Policy",
    },
  },
}
`;
