// Jest Snapshot v1, https://goo.gl/fbAQLP

exports[`S3Deployment Stack 1`] = `
Object {
  "Mappings": Object {
    "AWSCloudFrontPartitionHostedZoneIdMap": Object {
      "aws": Object {
        "zoneId": "Z2FDTNDATAQYW2",
      },
      "aws-cn": Object {
        "zoneId": "Z3RFFRIM2A3IF5",
      },
    },
  },
  "Parameters": Object {
    "AssetParameters00f2465b209575c44977ca8ff1c81d86d002849272ede5a8a90ac87dfff1e494ArtifactHashC2E6E6C0": Object {
      "Description": "Artifact hash for asset \\"00f2465b209575c44977ca8ff1c81d86d002849272ede5a8a90ac87dfff1e494\\"",
      "Type": "String",
    },
    "AssetParameters00f2465b209575c44977ca8ff1c81d86d002849272ede5a8a90ac87dfff1e494S3Bucket33B61C3E": Object {
      "Description": "S3 bucket for asset \\"00f2465b209575c44977ca8ff1c81d86d002849272ede5a8a90ac87dfff1e494\\"",
      "Type": "String",
    },
    "AssetParameters00f2465b209575c44977ca8ff1c81d86d002849272ede5a8a90ac87dfff1e494S3VersionKeyDE2514FF": Object {
      "Description": "S3 key for asset version \\"00f2465b209575c44977ca8ff1c81d86d002849272ede5a8a90ac87dfff1e494\\"",
      "Type": "String",
    },
    "AssetParameters7d8b2046844e3098556f7c7f109cae7aa0293b522d526cfd2fa6f8bc03e22635ArtifactHashADA2FF16": Object {
      "Description": "Artifact hash for asset \\"7d8b2046844e3098556f7c7f109cae7aa0293b522d526cfd2fa6f8bc03e22635\\"",
      "Type": "String",
    },
    "AssetParameters7d8b2046844e3098556f7c7f109cae7aa0293b522d526cfd2fa6f8bc03e22635S3Bucket30A31268": Object {
      "Description": "S3 bucket for asset \\"7d8b2046844e3098556f7c7f109cae7aa0293b522d526cfd2fa6f8bc03e22635\\"",
      "Type": "String",
    },
    "AssetParameters7d8b2046844e3098556f7c7f109cae7aa0293b522d526cfd2fa6f8bc03e22635S3VersionKeyC50EEAAA": Object {
      "Description": "S3 key for asset version \\"7d8b2046844e3098556f7c7f109cae7aa0293b522d526cfd2fa6f8bc03e22635\\"",
      "Type": "String",
    },
    "AssetParametersa3058ccb468d757ebb89df5363a1c20f5307c6911136f29d00e1a68c9b2aa7e8ArtifactHash238275D6": Object {
      "Description": "Artifact hash for asset \\"a3058ccb468d757ebb89df5363a1c20f5307c6911136f29d00e1a68c9b2aa7e8\\"",
      "Type": "String",
    },
    "AssetParametersa3058ccb468d757ebb89df5363a1c20f5307c6911136f29d00e1a68c9b2aa7e8S3BucketD1AD544E": Object {
      "Description": "S3 bucket for asset \\"a3058ccb468d757ebb89df5363a1c20f5307c6911136f29d00e1a68c9b2aa7e8\\"",
      "Type": "String",
    },
    "AssetParametersa3058ccb468d757ebb89df5363a1c20f5307c6911136f29d00e1a68c9b2aa7e8S3VersionKey93A19D70": Object {
      "Description": "S3 key for asset version \\"a3058ccb468d757ebb89df5363a1c20f5307c6911136f29d00e1a68c9b2aa7e8\\"",
      "Type": "String",
    },
    "AssetParameterse9882ab123687399f934da0d45effe675ecc8ce13b40cb946f3e1d6141fe8d68ArtifactHashD9A515C3": Object {
      "Description": "Artifact hash for asset \\"e9882ab123687399f934da0d45effe675ecc8ce13b40cb946f3e1d6141fe8d68\\"",
      "Type": "String",
    },
    "AssetParameterse9882ab123687399f934da0d45effe675ecc8ce13b40cb946f3e1d6141fe8d68S3BucketAEADE8C7": Object {
      "Description": "S3 bucket for asset \\"e9882ab123687399f934da0d45effe675ecc8ce13b40cb946f3e1d6141fe8d68\\"",
      "Type": "String",
    },
    "AssetParameterse9882ab123687399f934da0d45effe675ecc8ce13b40cb946f3e1d6141fe8d68S3VersionKeyE415415F": Object {
      "Description": "S3 key for asset version \\"e9882ab123687399f934da0d45effe675ecc8ce13b40cb946f3e1d6141fe8d68\\"",
      "Type": "String",
    },
  },
  "Resources": Object {
    "CustomCDKBucketDeployment8693BB64968944B69AAFB0CC9EB8756C81C01536": Object {
      "DependsOn": Array [
        "CustomCDKBucketDeployment8693BB64968944B69AAFB0CC9EB8756CServiceRoleDefaultPolicy88902FDF",
        "CustomCDKBucketDeployment8693BB64968944B69AAFB0CC9EB8756CServiceRole89A01265",
      ],
      "Properties": Object {
        "Code": Object {
          "S3Bucket": Object {
            "Ref": "AssetParametersa3058ccb468d757ebb89df5363a1c20f5307c6911136f29d00e1a68c9b2aa7e8S3BucketD1AD544E",
          },
          "S3Key": Object {
            "Fn::Join": Array [
              "",
              Array [
                Object {
                  "Fn::Select": Array [
                    0,
                    Object {
                      "Fn::Split": Array [
                        "||",
                        Object {
                          "Ref": "AssetParametersa3058ccb468d757ebb89df5363a1c20f5307c6911136f29d00e1a68c9b2aa7e8S3VersionKey93A19D70",
                        },
                      ],
                    },
                  ],
                },
                Object {
                  "Fn::Select": Array [
                    1,
                    Object {
                      "Fn::Split": Array [
                        "||",
                        Object {
                          "Ref": "AssetParametersa3058ccb468d757ebb89df5363a1c20f5307c6911136f29d00e1a68c9b2aa7e8S3VersionKey93A19D70",
                        },
                      ],
                    },
                  ],
                },
              ],
            ],
          },
        },
        "Handler": "index.handler",
        "Layers": Array [
          Object {
            "Ref": "testsDeploymentAwsCliLayer19576F7C",
          },
        ],
        "Role": Object {
          "Fn::GetAtt": Array [
            "CustomCDKBucketDeployment8693BB64968944B69AAFB0CC9EB8756CServiceRole89A01265",
            "Arn",
          ],
        },
        "Runtime": "python3.6",
        "Timeout": 900,
      },
      "Type": "AWS::Lambda::Function",
    },
    "CustomCDKBucketDeployment8693BB64968944B69AAFB0CC9EB8756CServiceRole89A01265": Object {
      "Properties": Object {
        "AssumeRolePolicyDocument": Object {
          "Statement": Array [
            Object {
              "Action": "sts:AssumeRole",
              "Effect": "Allow",
              "Principal": Object {
                "Service": "lambda.amazonaws.com",
              },
            },
          ],
          "Version": "2012-10-17",
        },
        "ManagedPolicyArns": Array [
          Object {
            "Fn::Join": Array [
              "",
              Array [
                "arn:",
                Object {
                  "Ref": "AWS::Partition",
                },
                ":iam::aws:policy/service-role/AWSLambdaBasicExecutionRole",
              ],
            ],
          },
        ],
      },
      "Type": "AWS::IAM::Role",
    },
    "CustomCDKBucketDeployment8693BB64968944B69AAFB0CC9EB8756CServiceRoleDefaultPolicy88902FDF": Object {
      "Properties": Object {
        "PolicyDocument": Object {
          "Statement": Array [
            Object {
              "Action": Array [
                "s3:GetObject*",
                "s3:GetBucket*",
                "s3:List*",
              ],
              "Effect": "Allow",
              "Resource": Array [
                Object {
                  "Fn::Join": Array [
                    "",
                    Array [
                      "arn:",
                      Object {
                        "Ref": "AWS::Partition",
                      },
                      ":s3:::",
                      Object {
                        "Ref": "AssetParameters7d8b2046844e3098556f7c7f109cae7aa0293b522d526cfd2fa6f8bc03e22635S3Bucket30A31268",
                      },
                    ],
                  ],
                },
                Object {
                  "Fn::Join": Array [
                    "",
                    Array [
                      "arn:",
                      Object {
                        "Ref": "AWS::Partition",
                      },
                      ":s3:::",
                      Object {
                        "Ref": "AssetParameters7d8b2046844e3098556f7c7f109cae7aa0293b522d526cfd2fa6f8bc03e22635S3Bucket30A31268",
                      },
                      "/*",
                    ],
                  ],
                },
              ],
            },
            Object {
              "Action": Array [
                "s3:GetObject*",
                "s3:GetBucket*",
                "s3:List*",
                "s3:DeleteObject*",
                "s3:PutObject*",
                "s3:Abort*",
              ],
              "Effect": "Allow",
              "Resource": Array [
                Object {
                  "Fn::GetAtt": Array [
                    "testsBucketA2D052B5",
                    "Arn",
                  ],
                },
                Object {
                  "Fn::Join": Array [
                    "",
                    Array [
                      Object {
                        "Fn::GetAtt": Array [
                          "testsBucketA2D052B5",
                          "Arn",
                        ],
                      },
                      "/*",
                    ],
                  ],
                },
              ],
            },
          ],
          "Version": "2012-10-17",
        },
        "PolicyName": "CustomCDKBucketDeployment8693BB64968944B69AAFB0CC9EB8756CServiceRoleDefaultPolicy88902FDF",
        "Roles": Array [
          Object {
            "Ref": "CustomCDKBucketDeployment8693BB64968944B69AAFB0CC9EB8756CServiceRole89A01265",
          },
        ],
      },
      "Type": "AWS::IAM::Policy",
    },
    "CustomS3AutoDeleteObjectsCustomResourceProviderHandler9D90184F": Object {
      "DependsOn": Array [
        "CustomS3AutoDeleteObjectsCustomResourceProviderRole3B1BD092",
      ],
      "Properties": Object {
        "Code": Object {
          "S3Bucket": Object {
            "Ref": "AssetParameters00f2465b209575c44977ca8ff1c81d86d002849272ede5a8a90ac87dfff1e494S3Bucket33B61C3E",
          },
          "S3Key": Object {
            "Fn::Join": Array [
              "",
              Array [
                Object {
                  "Fn::Select": Array [
                    0,
                    Object {
                      "Fn::Split": Array [
                        "||",
                        Object {
                          "Ref": "AssetParameters00f2465b209575c44977ca8ff1c81d86d002849272ede5a8a90ac87dfff1e494S3VersionKeyDE2514FF",
                        },
                      ],
                    },
                  ],
                },
                Object {
                  "Fn::Select": Array [
                    1,
                    Object {
                      "Fn::Split": Array [
                        "||",
                        Object {
                          "Ref": "AssetParameters00f2465b209575c44977ca8ff1c81d86d002849272ede5a8a90ac87dfff1e494S3VersionKeyDE2514FF",
                        },
                      ],
                    },
                  ],
                },
              ],
            ],
          },
        },
        "Description": Object {
          "Fn::Join": Array [
            "",
            Array [
              "Lambda function for auto-deleting objects in ",
              Object {
                "Ref": "testsBucketA2D052B5",
              },
              " S3 bucket.",
            ],
          ],
        },
        "Handler": "__entrypoint__.handler",
        "MemorySize": 128,
        "Role": Object {
          "Fn::GetAtt": Array [
            "CustomS3AutoDeleteObjectsCustomResourceProviderRole3B1BD092",
            "Arn",
          ],
        },
        "Runtime": "nodejs12.x",
        "Timeout": 900,
      },
      "Type": "AWS::Lambda::Function",
    },
    "CustomS3AutoDeleteObjectsCustomResourceProviderRole3B1BD092": Object {
      "Properties": Object {
        "AssumeRolePolicyDocument": Object {
          "Statement": Array [
            Object {
              "Action": "sts:AssumeRole",
              "Effect": "Allow",
              "Principal": Object {
                "Service": "lambda.amazonaws.com",
              },
            },
          ],
          "Version": "2012-10-17",
        },
        "ManagedPolicyArns": Array [
          Object {
            "Fn::Sub": "arn:\${AWS::Partition}:iam::aws:policy/service-role/AWSLambdaBasicExecutionRole",
          },
        ],
      },
      "Type": "AWS::IAM::Role",
    },
    "testsArecordF2E1E1F7": Object {
      "Properties": Object {
        "AliasTarget": Object {
          "DNSName": Object {
            "Fn::GetAtt": Array [
              "testsConstructtestsDistributionCFDistributionD03DC8A1",
              "DomainName",
            ],
          },
          "HostedZoneId": Object {
            "Fn::FindInMap": Array [
              "AWSCloudFrontPartitionHostedZoneIdMap",
              Object {
                "Ref": "AWS::Partition",
              },
              "zoneId",
            ],
          },
        },
        "Comment": "record for tests",
        "HostedZoneId": "DUMMY",
        "Name": "test.website.com.",
        "Type": "A",
      },
      "Type": "AWS::Route53::RecordSet",
    },
    "testsBucketA2D052B5": Object {
      "DeletionPolicy": "Delete",
      "Properties": Object {
        "WebsiteConfiguration": Object {
          "IndexDocument": "index.html",
        },
      },
      "Type": "AWS::S3::Bucket",
      "UpdateReplacePolicy": "Delete",
    },
    "testsBucketAutoDeleteObjectsCustomResource1376EC2A": Object {
      "DeletionPolicy": "Delete",
      "DependsOn": Array [
        "testsBucketPolicyA758FDE1",
      ],
      "Properties": Object {
        "BucketName": Object {
          "Ref": "testsBucketA2D052B5",
        },
        "ServiceToken": Object {
          "Fn::GetAtt": Array [
            "CustomS3AutoDeleteObjectsCustomResourceProviderHandler9D90184F",
            "Arn",
          ],
        },
      },
      "Type": "Custom::S3AutoDeleteObjects",
      "UpdateReplacePolicy": "Delete",
    },
    "testsBucketPolicyA758FDE1": Object {
      "Properties": Object {
        "Bucket": Object {
          "Ref": "testsBucketA2D052B5",
        },
        "PolicyDocument": Object {
          "Statement": Array [
            Object {
              "Action": "s3:GetObject",
              "Effect": "Allow",
              "Principal": Object {
                "AWS": "*",
              },
              "Resource": Object {
                "Fn::Join": Array [
                  "",
                  Array [
                    Object {
                      "Fn::GetAtt": Array [
                        "testsBucketA2D052B5",
                        "Arn",
                      ],
                    },
                    "/*",
                  ],
                ],
              },
            },
            Object {
              "Action": Array [
                "s3:GetBucket*",
                "s3:List*",
                "s3:DeleteObject*",
              ],
              "Effect": "Allow",
              "Principal": Object {
                "AWS": Object {
                  "Fn::GetAtt": Array [
                    "CustomS3AutoDeleteObjectsCustomResourceProviderRole3B1BD092",
                    "Arn",
                  ],
                },
              },
              "Resource": Array [
                Object {
                  "Fn::GetAtt": Array [
                    "testsBucketA2D052B5",
                    "Arn",
                  ],
                },
                Object {
                  "Fn::Join": Array [
                    "",
                    Array [
                      Object {
                        "Fn::GetAtt": Array [
                          "testsBucketA2D052B5",
                          "Arn",
                        ],
                      },
                      "/*",
                    ],
                  ],
                },
              ],
            },
          ],
          "Version": "2012-10-17",
        },
      },
      "Type": "AWS::S3::BucketPolicy",
    },
    "testsConstructtestsDistributionCFDistributionD03DC8A1": Object {
      "Properties": Object {
        "DistributionConfig": Object {
          "DefaultCacheBehavior": Object {
            "AllowedMethods": Array [
              "GET",
              "HEAD",
            ],
            "CachedMethods": Array [
              "GET",
              "HEAD",
            ],
            "Compress": true,
            "ForwardedValues": Object {
              "Cookies": Object {
                "Forward": "none",
              },
              "QueryString": false,
            },
            "TargetOriginId": "origin1",
            "ViewerProtocolPolicy": "redirect-to-https",
          },
          "DefaultRootObject": "index.html",
          "Enabled": true,
          "HttpVersion": "http2",
          "IPV6Enabled": true,
          "Origins": Array [
            Object {
              "ConnectionAttempts": 3,
              "ConnectionTimeout": 10,
              "DomainName": Object {
                "Fn::GetAtt": Array [
                  "testsBucketA2D052B5",
                  "RegionalDomainName",
                ],
              },
              "Id": "origin1",
              "S3OriginConfig": Object {},
            },
          ],
          "PriceClass": "PriceClass_100",
          "ViewerCertificate": Object {
            "CloudFrontDefaultCertificate": true,
          },
        },
      },
      "Type": "AWS::CloudFront::Distribution",
    },
    "testsDeploymentAwsCliLayer19576F7C": Object {
      "Properties": Object {
        "Content": Object {
          "S3Bucket": Object {
            "Ref": "AssetParameterse9882ab123687399f934da0d45effe675ecc8ce13b40cb946f3e1d6141fe8d68S3BucketAEADE8C7",
          },
          "S3Key": Object {
            "Fn::Join": Array [
              "",
              Array [
                Object {
                  "Fn::Select": Array [
                    0,
                    Object {
                      "Fn::Split": Array [
                        "||",
                        Object {
                          "Ref": "AssetParameterse9882ab123687399f934da0d45effe675ecc8ce13b40cb946f3e1d6141fe8d68S3VersionKeyE415415F",
                        },
                      ],
                    },
                  ],
                },
                Object {
                  "Fn::Select": Array [
                    1,
                    Object {
                      "Fn::Split": Array [
                        "||",
                        Object {
                          "Ref": "AssetParameterse9882ab123687399f934da0d45effe675ecc8ce13b40cb946f3e1d6141fe8d68S3VersionKeyE415415F",
                        },
                      ],
                    },
                  ],
                },
              ],
            ],
          },
        },
        "Description": "/opt/awscli/aws",
      },
      "Type": "AWS::Lambda::LayerVersion",
    },
    "testsDeploymentCustomResource6E4CF65A": Object {
      "DeletionPolicy": "Delete",
      "Properties": Object {
        "DestinationBucketName": Object {
          "Ref": "testsBucketA2D052B5",
        },
        "Prune": true,
        "ServiceToken": Object {
          "Fn::GetAtt": Array [
            "CustomCDKBucketDeployment8693BB64968944B69AAFB0CC9EB8756C81C01536",
            "Arn",
          ],
        },
        "SourceBucketNames": Array [
          Object {
            "Ref": "AssetParameters7d8b2046844e3098556f7c7f109cae7aa0293b522d526cfd2fa6f8bc03e22635S3Bucket30A31268",
          },
        ],
        "SourceObjectKeys": Array [
          Object {
            "Fn::Join": Array [
              "",
              Array [
                Object {
                  "Fn::Select": Array [
                    0,
                    Object {
                      "Fn::Split": Array [
                        "||",
                        Object {
                          "Ref": "AssetParameters7d8b2046844e3098556f7c7f109cae7aa0293b522d526cfd2fa6f8bc03e22635S3VersionKeyC50EEAAA",
                        },
                      ],
                    },
                  ],
                },
                Object {
                  "Fn::Select": Array [
                    1,
                    Object {
                      "Fn::Split": Array [
                        "||",
                        Object {
                          "Ref": "AssetParameters7d8b2046844e3098556f7c7f109cae7aa0293b522d526cfd2fa6f8bc03e22635S3VersionKeyC50EEAAA",
                        },
                      ],
                    },
                  ],
                },
              ],
            ],
          },
        ],
      },
      "Type": "Custom::CDKBucketDeployment",
      "UpdateReplacePolicy": "Delete",
    },
  },
}
`;
